2025-08-27 17:04:04,811 | INFO | Starting execution - Serial
2025-08-27 17:04:04,811 | INFO | Running with seed=0, solver=ODEINT, error=SQUARED
2025-08-27 17:04:04,811 | INFO | Starting execution for CMAES: Solver=ODEINT, Error=SQUARED, Seed=0
2025-08-27 17:05:41,511 | INFO | Sigma increased: 1
2025-08-27 17:05:49,328 | INFO | Sigma increased: 4.741582644346064
2025-08-27 17:05:55,932 | INFO | Sigma increased: 9.095360928024181
2025-08-27 17:06:01,047 | INFO | Sigma increased: 15
2025-08-27 17:06:06,323 | INFO | Sigma increased: 15
2025-08-27 17:06:14,527 | INFO | Sigma increased: 12.126490169709573
2025-08-27 17:06:24,322 | INFO | Sigma increased: 12.686508670160855
2025-08-27 17:06:32,811 | INFO | Sigma increased: 13.196893016250318
2025-08-27 17:06:42,382 | INFO | Sigma increased: 14.200878586044567
2025-08-27 17:06:51,526 | INFO | Sigma increased: 9.776711709615451
2025-08-27 17:07:05,774 | INFO | Sigma increased: 15
2025-08-27 17:07:15,617 | INFO | Sigma increased: 15
2025-08-27 17:07:27,232 | INFO | Sigma increased: 12.811696200719755
2025-08-27 17:07:39,588 | INFO | Sigma increased: 15
2025-08-27 17:07:53,500 | INFO | Sigma increased: 12.561457190573439
2025-08-27 17:08:09,191 | INFO | Sigma increased: 15
2025-08-27 17:08:23,831 | INFO | Sigma increased: 15
2025-08-27 17:09:27,463 | INFO | Sigma increased: 2.934067265651082
2025-08-27 17:09:42,238 | INFO | Sigma increased: 5.397585978309413
2025-08-27 17:11:12,080 | INFO | Sigma increased: 1
2025-08-27 17:11:41,102 | INFO | Sigma increased: 1
2025-08-27 17:12:17,812 | INFO | Sigma increased: 1
2025-08-27 17:12:44,892 | INFO | Sigma increased: 1.3388283699570647
2025-08-27 17:15:00,763 | INFO | Sigma increased: 1
2025-08-27 17:15:24,153 | INFO | Sigma increased: 1.1221474319673075
2025-08-27 17:15:47,342 | INFO | Sigma increased: 1.4815045009149133
2025-08-27 17:16:27,307 | INFO | Sigma increased: 1
2025-08-27 17:16:50,786 | INFO | Sigma increased: 1
2025-08-27 17:17:30,795 | INFO | Sigma increased: 1
2025-08-27 17:17:55,320 | INFO | Sigma increased: 1
2025-08-27 17:19:08,516 | INFO | Sigma increased: 1.782102091029036
2025-08-27 17:19:32,466 | INFO | Sigma increased: 3.729993236245428
2025-08-27 17:19:56,885 | INFO | Sigma increased: 2.867206676550471
2025-08-27 17:20:21,711 | INFO | Sigma increased: 2.0629828819129563
2025-08-27 17:20:46,778 | INFO | Sigma increased: 1.5608292681884264
2025-08-27 17:21:20,290 | INFO | Sigma increased: 1
2025-08-27 17:21:46,475 | INFO | Sigma increased: 1.9121544017249796
2025-08-27 17:22:13,537 | INFO | Sigma increased: 1
2025-08-27 17:22:41,413 | INFO | Sigma increased: 1.072085038773412
2025-08-27 17:23:08,903 | INFO | Sigma increased: 1.4923689706264334
2025-08-27 17:23:37,139 | INFO | Sigma increased: 1.7550606974579555
2025-08-27 17:24:04,815 | INFO | Sigma increased: 3.5288843031383816
2025-08-27 17:24:33,110 | INFO | Sigma increased: 1.9701438790604506
2025-08-27 17:25:02,277 | INFO | Sigma increased: 3.894980118177445
2025-08-27 17:25:30,754 | INFO | Sigma increased: 6.658689204662109
2025-08-27 17:26:00,554 | INFO | Sigma increased: 5.809154794523672
2025-08-27 17:26:30,532 | INFO | Sigma increased: 4.592504221103198
2025-08-27 17:27:00,323 | INFO | Sigma increased: 6.730356091942372
2025-08-27 17:27:28,879 | INFO | Sigma increased: 4.5805504589100865
2025-08-27 17:27:58,972 | INFO | Sigma increased: 2.1466462700576896
2025-08-27 17:28:30,947 | INFO | Sigma increased: 1.145817381179326
2025-08-27 17:29:03,241 | INFO | Sigma increased: 1
2025-08-27 17:29:35,179 | INFO | Sigma increased: 1.0165732493374606
2025-08-27 17:30:07,663 | INFO | Sigma increased: 1.1647869553148735
2025-08-27 17:30:41,016 | INFO | Sigma increased: 1.0465002255451277
2025-08-27 17:31:14,509 | INFO | Sigma increased: 1
2025-08-27 17:31:46,960 | INFO | Sigma increased: 1.6365637430583035
2025-08-27 17:32:19,292 | INFO | Sigma increased: 1
2025-08-27 17:32:53,460 | INFO | Sigma increased: 1.487357375803704
2025-08-27 17:33:28,257 | INFO | Sigma increased: 1
2025-08-27 17:34:02,511 | INFO | Sigma increased: 1
2025-08-27 17:34:36,002 | INFO | Sigma increased: 1
2025-08-27 17:35:08,749 | INFO | Sigma increased: 2.747122247967255
2025-08-27 17:35:43,596 | INFO | Sigma increased: 12.75352659822595
2025-08-27 17:36:19,424 | INFO | Sigma increased: 7.150036561276862
2025-08-27 17:36:55,476 | INFO | Sigma increased: 15
2025-08-27 17:37:31,183 | INFO | Sigma increased: 15
2025-08-27 17:38:08,477 | INFO | Sigma increased: 15
2025-08-27 17:38:46,396 | INFO | Sigma increased: 15
2025-08-27 17:39:23,646 | INFO | Sigma increased: 15
2025-08-27 17:40:01,747 | INFO | Sigma increased: 15
2025-08-27 17:40:40,477 | INFO | Sigma increased: 12.27729193882695
2025-08-27 17:41:19,719 | INFO | Sigma increased: 15
2025-08-27 17:41:59,693 | INFO | Sigma increased: 15
2025-08-27 17:42:39,819 | INFO | Sigma increased: 15
2025-08-27 17:42:47,164 | ERROR | Unexpected error: Eigenvalues did not converge
Traceback (most recent call last):
  File "c:\Users\anabi\OneDrive\Documentos\# BOLSA GRN\Códigos\BOLSA-GRN\PythonCode\Modules\Methods.py", line 40, in run
    best_ind = self.execute(logging=logging, solver=solver, seed=seed, error=error, gens=gens, verbose=verbose)
  File "c:\Users\anabi\OneDrive\Documentos\# BOLSA GRN\Códigos\BOLSA-GRN\PythonCode\Modules\Methods.py", line 158, in execute
    toolbox.update(population)
  File "C:\Users\anabi\AppData\Local\Packages\PythonSoftwareFoundation.Python.3.10_qbz5n2kfra8p0\LocalCache\local-packages\Python310\site-packages\deap\cma.py", line 167, in update
    self.diagD, self.B = numpy.linalg.eigh(self.C)
  File "<__array_function__ internals>", line 200, in eigh
  File "C:\Users\anabi\AppData\Local\Packages\PythonSoftwareFoundation.Python.3.10_qbz5n2kfra8p0\LocalCache\local-packages\Python310\site-packages\numpy\linalg\linalg.py", line 1451, in eigh
    w, vt = gufunc(a, signature=signature, extobj=extobj)
  File "C:\Users\anabi\AppData\Local\Packages\PythonSoftwareFoundation.Python.3.10_qbz5n2kfra8p0\LocalCache\local-packages\Python310\site-packages\numpy\linalg\linalg.py", line 95, in _raise_linalgerror_eigenvalues_nonconvergence
    raise LinAlgError("Eigenvalues did not converge")
numpy.linalg.LinAlgError: Eigenvalues did not converge
2025-08-27 17:42:47,201 | ERROR | Error running seed=0, solver=ODEINT, error=SQUARED: local variable 'best_ind' referenced before assignment, traceback=Traceback (most recent call last):
  File "c:\Users\anabi\OneDrive\Documentos\# BOLSA GRN\Códigos\BOLSA-GRN\PythonCode\Modules\Methods.py", line 44, in run
    raise e
  File "c:\Users\anabi\OneDrive\Documentos\# BOLSA GRN\Códigos\BOLSA-GRN\PythonCode\Modules\Methods.py", line 40, in run
    best_ind = self.execute(logging=logging, solver=solver, seed=seed, error=error, gens=gens, verbose=verbose)
  File "c:\Users\anabi\OneDrive\Documentos\# BOLSA GRN\Códigos\BOLSA-GRN\PythonCode\Modules\Methods.py", line 158, in execute
    toolbox.update(population)
  File "C:\Users\anabi\AppData\Local\Packages\PythonSoftwareFoundation.Python.3.10_qbz5n2kfra8p0\LocalCache\local-packages\Python310\site-packages\deap\cma.py", line 167, in update
    self.diagD, self.B = numpy.linalg.eigh(self.C)
  File "<__array_function__ internals>", line 200, in eigh
  File "C:\Users\anabi\AppData\Local\Packages\PythonSoftwareFoundation.Python.3.10_qbz5n2kfra8p0\LocalCache\local-packages\Python310\site-packages\numpy\linalg\linalg.py", line 1451, in eigh
    w, vt = gufunc(a, signature=signature, extobj=extobj)
  File "C:\Users\anabi\AppData\Local\Packages\PythonSoftwareFoundation.Python.3.10_qbz5n2kfra8p0\LocalCache\local-packages\Python310\site-packages\numpy\linalg\linalg.py", line 95, in _raise_linalgerror_eigenvalues_nonconvergence
    raise LinAlgError("Eigenvalues did not converge")
numpy.linalg.LinAlgError: Eigenvalues did not converge

During handling of the above exception, another exception occurred:

Traceback (most recent call last):
  File "c:\Users\anabi\OneDrive\Documentos\# BOLSA GRN\Códigos\BOLSA-GRN\PythonCode\Modules\Handlers.py", line 92, in run_single
    result = method.run(
  File "c:\Users\anabi\OneDrive\Documentos\# BOLSA GRN\Códigos\BOLSA-GRN\PythonCode\Modules\Methods.py", line 51, in run
    if best_ind:
UnboundLocalError: local variable 'best_ind' referenced before assignment

2025-08-27 17:42:47,211 | INFO | Results saved to ../../Outputs/ABCD_CMAES_SERIAL_20250827_170404\results.csv
2025-08-27 17:42:47,211 | INFO | Running with seed=0, solver=ODEINT, error=MSE
2025-08-27 17:42:47,211 | INFO | Starting execution for CMAES: Solver=ODEINT, Error=MSE, Seed=0
2025-08-27 17:43:07,350 | INFO | Sigma increased: 2.199599318189913
2025-08-27 17:44:25,057 | INFO | Sigma increased: 1
2025-08-27 17:46:14,997 | INFO | Sigma increased: 1
2025-08-27 17:46:29,914 | INFO | Sigma increased: 2.6007976543893667
2025-08-27 17:46:41,619 | INFO | Sigma increased: 3.8035911089360557
2025-08-27 17:46:50,364 | INFO | Sigma increased: 7.6018586333839355
2025-08-27 17:46:57,694 | INFO | Sigma increased: 13.50408452136367
2025-08-27 17:47:07,272 | INFO | Sigma increased: 14.81486805407238
2025-08-27 17:47:15,227 | INFO | Sigma increased: 13.750686789523686
2025-08-27 17:47:22,807 | INFO | Sigma increased: 15
2025-08-27 17:47:32,087 | INFO | Sigma increased: 15
2025-08-27 17:47:41,941 | INFO | Sigma increased: 14.696731314577898
2025-08-27 17:47:51,907 | INFO | Sigma increased: 15
2025-08-27 17:48:02,344 | INFO | Sigma increased: 15
2025-08-27 17:48:14,129 | INFO | Sigma increased: 15
2025-08-27 17:48:25,443 | INFO | Sigma increased: 15
2025-08-27 17:48:35,773 | INFO | Sigma increased: 15
2025-08-27 17:48:48,695 | INFO | Sigma increased: 15
2025-08-27 17:49:03,220 | INFO | Sigma increased: 15
2025-08-27 17:49:15,719 | INFO | Sigma increased: 15
2025-08-27 17:49:31,744 | INFO | Sigma increased: 15
2025-08-27 17:49:45,687 | INFO | Sigma increased: 15
2025-08-27 17:50:03,484 | INFO | Sigma increased: 13.921681230322724
2025-08-27 17:50:22,091 | INFO | Sigma increased: 15
2025-08-27 17:50:40,579 | INFO | Sigma increased: 15
2025-08-27 17:51:00,177 | INFO | Sigma increased: 15
2025-08-27 17:51:20,310 | INFO | Sigma increased: 15
2025-08-27 17:51:41,238 | INFO | Sigma increased: 12.700908603994439
2025-08-27 17:52:02,917 | INFO | Sigma increased: 15
2025-08-27 17:52:24,371 | INFO | Sigma increased: 15
2025-08-27 17:52:46,291 | INFO | Sigma increased: 15
2025-08-27 17:53:08,393 | INFO | Sigma increased: 15
2025-08-27 17:53:31,270 | INFO | Sigma increased: 15
2025-08-27 17:53:54,566 | INFO | Sigma increased: 15
2025-08-27 17:54:17,200 | INFO | Sigma increased: 15
2025-08-27 17:54:40,650 | INFO | Sigma increased: 15
2025-08-27 17:55:06,356 | INFO | Sigma increased: 15
2025-08-27 17:56:28,891 | INFO | Sigma increased: 10.66031909976086
2025-08-27 17:56:54,107 | INFO | Sigma increased: 15
2025-08-27 17:57:19,682 | INFO | Sigma increased: 15
2025-08-27 17:57:46,602 | INFO | Sigma increased: 15
2025-08-27 17:58:13,550 | INFO | Sigma increased: 15
2025-08-27 17:58:40,576 | INFO | Sigma increased: 15
2025-08-27 17:59:07,979 | INFO | Sigma increased: 15
2025-08-27 17:59:37,223 | INFO | Sigma increased: 15
2025-08-27 18:00:07,088 | INFO | Sigma increased: 15
2025-08-27 18:00:37,259 | INFO | Sigma increased: 15
2025-08-27 18:01:05,888 | INFO | Sigma increased: 15
2025-08-27 18:01:34,580 | INFO | Sigma increased: 15
2025-08-27 18:02:09,139 | INFO | Sigma increased: 15
2025-08-27 18:02:40,704 | INFO | Sigma increased: 15
2025-08-27 18:03:12,079 | INFO | Sigma increased: 15
2025-08-27 18:03:42,135 | INFO | Sigma increased: 15
2025-08-27 18:04:13,286 | INFO | Sigma increased: 15
2025-08-27 18:04:45,634 | INFO | Sigma increased: 9.074255711253768
2025-08-27 18:05:19,313 | INFO | Sigma increased: 8.071148579061575
2025-08-27 18:05:55,557 | INFO | Sigma increased: 4.482841820816339
2025-08-27 18:06:32,130 | INFO | Sigma increased: 5.622509204455591
2025-08-27 18:07:09,353 | INFO | Sigma increased: 3.4796232623474714
2025-08-27 18:07:48,265 | INFO | Sigma increased: 3.095036365101182
2025-08-27 18:08:26,359 | INFO | Sigma increased: 2.5361278155166023
2025-08-27 18:09:03,810 | INFO | Sigma increased: 1.5545275484060874
2025-08-27 18:09:41,166 | INFO | Sigma increased: 1
2025-08-27 18:10:20,451 | INFO | Sigma increased: 1.6862374610251507
2025-08-27 18:11:06,428 | INFO | Sigma increased: 2.643232778488403
2025-08-27 18:11:45,280 | INFO | Sigma increased: 2.6415671861816215
2025-08-27 18:12:26,234 | INFO | Sigma increased: 2.0613269379534986
2025-08-27 18:13:18,145 | INFO | Sigma increased: 2.874341351102449
2025-08-27 18:13:57,412 | INFO | Sigma increased: 4.675473156206747
2025-08-27 18:14:37,392 | INFO | Sigma increased: 3.4011779379210805
2025-08-27 18:15:17,867 | INFO | Sigma increased: 3.985656372439389
2025-08-27 18:16:04,400 | INFO | Sigma increased: 5.508992132741376
2025-08-27 18:16:46,282 | INFO | Sigma increased: 9.185608151140576
2025-08-27 18:17:28,910 | INFO | Sigma increased: 9.281581158041902
2025-08-27 18:18:12,308 | INFO | Sigma increased: 8.218961870461142
2025-08-27 18:18:55,428 | INFO | Sigma increased: 9.54660068238984
2025-08-27 18:19:39,108 | INFO | Sigma increased: 10.206136593623414
2025-08-27 18:20:22,875 | INFO | Sigma increased: 8.125876642539817
2025-08-27 18:21:07,160 | INFO | Sigma increased: 10.887519744282272
2025-08-27 18:21:52,251 | INFO | Sigma increased: 15
2025-08-27 18:22:37,036 | INFO | Sigma increased: 7.314528570701143
2025-08-27 18:23:21,306 | INFO | Sigma increased: 6.381152916398185
2025-08-27 18:24:05,188 | INFO | Sigma increased: 7.122762498870213
2025-08-27 18:24:49,152 | INFO | Sigma increased: 9.813926386015291
2025-08-27 18:25:34,311 | INFO | Sigma increased: 10.459995231615187
2025-08-27 18:26:19,425 | INFO | Sigma increased: 12.212860510873755
2025-08-27 18:27:05,437 | INFO | Sigma increased: 10.48645537849957
2025-08-27 18:27:51,993 | INFO | Sigma increased: 15
2025-08-27 18:28:31,318 | ERROR | Unexpected error: Eigenvalues did not converge
Traceback (most recent call last):
  File "c:\Users\anabi\OneDrive\Documentos\# BOLSA GRN\Códigos\BOLSA-GRN\PythonCode\Modules\Methods.py", line 40, in run
    best_ind = self.execute(logging=logging, solver=solver, seed=seed, error=error, gens=gens, verbose=verbose)
  File "c:\Users\anabi\OneDrive\Documentos\# BOLSA GRN\Códigos\BOLSA-GRN\PythonCode\Modules\Methods.py", line 158, in execute
    toolbox.update(population)
  File "C:\Users\anabi\AppData\Local\Packages\PythonSoftwareFoundation.Python.3.10_qbz5n2kfra8p0\LocalCache\local-packages\Python310\site-packages\deap\cma.py", line 167, in update
    self.diagD, self.B = numpy.linalg.eigh(self.C)
  File "<__array_function__ internals>", line 200, in eigh
  File "C:\Users\anabi\AppData\Local\Packages\PythonSoftwareFoundation.Python.3.10_qbz5n2kfra8p0\LocalCache\local-packages\Python310\site-packages\numpy\linalg\linalg.py", line 1451, in eigh
    w, vt = gufunc(a, signature=signature, extobj=extobj)
  File "C:\Users\anabi\AppData\Local\Packages\PythonSoftwareFoundation.Python.3.10_qbz5n2kfra8p0\LocalCache\local-packages\Python310\site-packages\numpy\linalg\linalg.py", line 95, in _raise_linalgerror_eigenvalues_nonconvergence
    raise LinAlgError("Eigenvalues did not converge")
numpy.linalg.LinAlgError: Eigenvalues did not converge
2025-08-27 18:28:31,319 | ERROR | Error running seed=0, solver=ODEINT, error=MSE: local variable 'best_ind' referenced before assignment, traceback=Traceback (most recent call last):
  File "c:\Users\anabi\OneDrive\Documentos\# BOLSA GRN\Códigos\BOLSA-GRN\PythonCode\Modules\Methods.py", line 44, in run
    raise e
  File "c:\Users\anabi\OneDrive\Documentos\# BOLSA GRN\Códigos\BOLSA-GRN\PythonCode\Modules\Methods.py", line 40, in run
    best_ind = self.execute(logging=logging, solver=solver, seed=seed, error=error, gens=gens, verbose=verbose)
  File "c:\Users\anabi\OneDrive\Documentos\# BOLSA GRN\Códigos\BOLSA-GRN\PythonCode\Modules\Methods.py", line 158, in execute
    toolbox.update(population)
  File "C:\Users\anabi\AppData\Local\Packages\PythonSoftwareFoundation.Python.3.10_qbz5n2kfra8p0\LocalCache\local-packages\Python310\site-packages\deap\cma.py", line 167, in update
    self.diagD, self.B = numpy.linalg.eigh(self.C)
  File "<__array_function__ internals>", line 200, in eigh
  File "C:\Users\anabi\AppData\Local\Packages\PythonSoftwareFoundation.Python.3.10_qbz5n2kfra8p0\LocalCache\local-packages\Python310\site-packages\numpy\linalg\linalg.py", line 1451, in eigh
    w, vt = gufunc(a, signature=signature, extobj=extobj)
  File "C:\Users\anabi\AppData\Local\Packages\PythonSoftwareFoundation.Python.3.10_qbz5n2kfra8p0\LocalCache\local-packages\Python310\site-packages\numpy\linalg\linalg.py", line 95, in _raise_linalgerror_eigenvalues_nonconvergence
    raise LinAlgError("Eigenvalues did not converge")
numpy.linalg.LinAlgError: Eigenvalues did not converge

During handling of the above exception, another exception occurred:

Traceback (most recent call last):
  File "c:\Users\anabi\OneDrive\Documentos\# BOLSA GRN\Códigos\BOLSA-GRN\PythonCode\Modules\Handlers.py", line 92, in run_single
    result = method.run(
  File "c:\Users\anabi\OneDrive\Documentos\# BOLSA GRN\Códigos\BOLSA-GRN\PythonCode\Modules\Methods.py", line 51, in run
    if best_ind:
UnboundLocalError: local variable 'best_ind' referenced before assignment

2025-08-27 18:28:31,322 | INFO | Results saved to ../../Outputs/ABCD_CMAES_SERIAL_20250827_170404\results.csv
2025-08-27 18:28:31,323 | INFO | Running with seed=1, solver=ODEINT, error=SQUARED
2025-08-27 18:28:31,323 | INFO | Starting execution for CMAES: Solver=ODEINT, Error=SQUARED, Seed=1
2025-08-27 18:28:47,872 | INFO | Sigma increased: 1.221865888300199
2025-08-27 18:30:42,190 | INFO | Sigma increased: 1
2025-08-27 18:34:26,567 | INFO | Sigma increased: 1
2025-08-27 18:34:37,987 | INFO | Sigma increased: 15
2025-08-27 18:34:47,947 | INFO | Sigma increased: 8.913466745818056
2025-08-27 18:35:03,557 | INFO | Sigma increased: 15
2025-08-27 18:35:14,839 | INFO | Sigma increased: 15
2025-08-27 18:35:23,932 | INFO | Sigma increased: 15
2025-08-27 18:35:36,117 | INFO | Sigma increased: 15
2025-08-27 18:35:49,244 | INFO | Sigma increased: 15
2025-08-27 18:36:00,894 | INFO | Sigma increased: 15
2025-08-27 18:36:12,581 | INFO | Sigma increased: 15
2025-08-27 18:36:27,016 | INFO | Sigma increased: 15
2025-08-27 18:36:42,932 | INFO | Sigma increased: 14.570937107907753
2025-08-27 18:36:57,415 | INFO | Sigma increased: 15
2025-08-27 18:37:12,488 | INFO | Sigma increased: 15
2025-08-27 18:37:28,440 | INFO | Sigma increased: 15
2025-08-27 18:37:46,201 | INFO | Sigma increased: 15
2025-08-27 18:39:45,696 | INFO | Sigma increased: 1
2025-08-27 18:40:48,736 | INFO | Sigma increased: 1
2025-08-27 18:41:09,678 | INFO | Sigma increased: 2.962823224502582
2025-08-27 18:42:36,086 | INFO | Sigma increased: 3.21915489429963
2025-08-27 18:44:14,449 | INFO | Sigma increased: 1
2025-08-27 18:44:38,255 | INFO | Sigma increased: 2.6959533669563083
2025-08-27 18:45:10,140 | INFO | Sigma increased: 4.792747767683956
2025-08-27 18:45:36,074 | INFO | Sigma increased: 3.6575983225259288
2025-08-27 18:46:02,108 | INFO | Sigma increased: 3.3211130799943063
2025-08-27 18:46:28,094 | INFO | Sigma increased: 3.4169506085438655
2025-08-27 18:46:55,536 | INFO | Sigma increased: 5.5009826366473185
2025-08-27 18:47:23,156 | INFO | Sigma increased: 7.140175698081414
2025-08-27 18:47:50,073 | INFO | Sigma increased: 2.79480684231323
2025-08-27 18:48:19,730 | INFO | Sigma increased: 7.76684131695676
2025-08-27 18:49:02,531 | INFO | Sigma increased: 15
2025-08-27 18:49:33,522 | INFO | Sigma increased: 15
2025-08-27 18:50:04,845 | INFO | Sigma increased: 14.185000955776587
2025-08-27 18:51:03,622 | INFO | Sigma increased: 5.574918210815452
2025-08-27 18:51:36,027 | INFO | Sigma increased: 15
2025-08-27 18:52:08,856 | INFO | Sigma increased: 12.815337915240123
2025-08-27 18:52:42,071 | INFO | Sigma increased: 15
2025-08-27 18:53:15,969 | INFO | Sigma increased: 15
2025-08-27 18:53:50,369 | INFO | Sigma increased: 13.499303706400223
2025-08-27 18:54:24,880 | INFO | Sigma increased: 15
2025-08-27 18:54:59,560 | INFO | Sigma increased: 15
2025-08-27 18:55:34,322 | INFO | Sigma increased: 15
2025-08-27 18:56:09,230 | INFO | Sigma increased: 15
2025-08-27 18:58:04,249 | INFO | Sigma increased: 5.693985752374742
2025-08-27 18:58:42,987 | INFO | Sigma increased: 15
2025-08-27 18:59:21,022 | INFO | Sigma increased: 15
2025-08-27 19:00:01,072 | INFO | Sigma increased: 15
2025-08-27 19:00:38,917 | INFO | Sigma increased: 15
2025-08-27 19:01:14,122 | INFO | Sigma increased: 15
2025-08-27 19:01:51,327 | INFO | Sigma increased: 11.171369331196292
2025-08-27 19:02:28,223 | INFO | Sigma increased: 14.152508257819703
2025-08-27 19:03:05,473 | INFO | Sigma increased: 15
2025-08-27 19:03:43,533 | INFO | Sigma increased: 15
2025-08-27 19:04:21,267 | INFO | Sigma increased: 15
2025-08-27 19:05:00,063 | INFO | Sigma increased: 15
2025-08-27 19:05:38,319 | INFO | Sigma increased: 15
2025-08-27 19:06:17,669 | INFO | Sigma increased: 9.584930400048453
2025-08-27 19:06:57,543 | INFO | Sigma increased: 8.625312785390076
2025-08-27 19:07:36,737 | INFO | Sigma increased: 4.126530531921441
2025-08-27 19:08:17,989 | INFO | Sigma increased: 8.85183458077157
2025-08-27 19:08:59,427 | INFO | Sigma increased: 7.082634846024023
2025-08-27 19:09:39,660 | INFO | Sigma increased: 4.8604827196439535
2025-08-27 19:10:20,347 | INFO | Sigma increased: 4.83022520666056
2025-08-27 19:11:01,059 | INFO | Sigma increased: 5.358314357728901
2025-08-27 19:11:42,143 | INFO | Sigma increased: 9.951018023705103
2025-08-27 19:12:24,565 | INFO | Sigma increased: 13.238374908677722
2025-08-27 19:13:06,689 | ERROR | Unexpected error: Eigenvalues did not converge
Traceback (most recent call last):
  File "c:\Users\anabi\OneDrive\Documentos\# BOLSA GRN\Códigos\BOLSA-GRN\PythonCode\Modules\Methods.py", line 40, in run
    best_ind = self.execute(logging=logging, solver=solver, seed=seed, error=error, gens=gens, verbose=verbose)
  File "c:\Users\anabi\OneDrive\Documentos\# BOLSA GRN\Códigos\BOLSA-GRN\PythonCode\Modules\Methods.py", line 158, in execute
    toolbox.update(population)
  File "C:\Users\anabi\AppData\Local\Packages\PythonSoftwareFoundation.Python.3.10_qbz5n2kfra8p0\LocalCache\local-packages\Python310\site-packages\deap\cma.py", line 167, in update
    self.diagD, self.B = numpy.linalg.eigh(self.C)
  File "<__array_function__ internals>", line 200, in eigh
  File "C:\Users\anabi\AppData\Local\Packages\PythonSoftwareFoundation.Python.3.10_qbz5n2kfra8p0\LocalCache\local-packages\Python310\site-packages\numpy\linalg\linalg.py", line 1451, in eigh
    w, vt = gufunc(a, signature=signature, extobj=extobj)
  File "C:\Users\anabi\AppData\Local\Packages\PythonSoftwareFoundation.Python.3.10_qbz5n2kfra8p0\LocalCache\local-packages\Python310\site-packages\numpy\linalg\linalg.py", line 95, in _raise_linalgerror_eigenvalues_nonconvergence
    raise LinAlgError("Eigenvalues did not converge")
numpy.linalg.LinAlgError: Eigenvalues did not converge
2025-08-27 19:13:06,690 | ERROR | Error running seed=1, solver=ODEINT, error=SQUARED: local variable 'best_ind' referenced before assignment, traceback=Traceback (most recent call last):
  File "c:\Users\anabi\OneDrive\Documentos\# BOLSA GRN\Códigos\BOLSA-GRN\PythonCode\Modules\Methods.py", line 44, in run
    raise e
  File "c:\Users\anabi\OneDrive\Documentos\# BOLSA GRN\Códigos\BOLSA-GRN\PythonCode\Modules\Methods.py", line 40, in run
    best_ind = self.execute(logging=logging, solver=solver, seed=seed, error=error, gens=gens, verbose=verbose)
  File "c:\Users\anabi\OneDrive\Documentos\# BOLSA GRN\Códigos\BOLSA-GRN\PythonCode\Modules\Methods.py", line 158, in execute
    toolbox.update(population)
  File "C:\Users\anabi\AppData\Local\Packages\PythonSoftwareFoundation.Python.3.10_qbz5n2kfra8p0\LocalCache\local-packages\Python310\site-packages\deap\cma.py", line 167, in update
    self.diagD, self.B = numpy.linalg.eigh(self.C)
  File "<__array_function__ internals>", line 200, in eigh
  File "C:\Users\anabi\AppData\Local\Packages\PythonSoftwareFoundation.Python.3.10_qbz5n2kfra8p0\LocalCache\local-packages\Python310\site-packages\numpy\linalg\linalg.py", line 1451, in eigh
    w, vt = gufunc(a, signature=signature, extobj=extobj)
  File "C:\Users\anabi\AppData\Local\Packages\PythonSoftwareFoundation.Python.3.10_qbz5n2kfra8p0\LocalCache\local-packages\Python310\site-packages\numpy\linalg\linalg.py", line 95, in _raise_linalgerror_eigenvalues_nonconvergence
    raise LinAlgError("Eigenvalues did not converge")
numpy.linalg.LinAlgError: Eigenvalues did not converge

During handling of the above exception, another exception occurred:

Traceback (most recent call last):
  File "c:\Users\anabi\OneDrive\Documentos\# BOLSA GRN\Códigos\BOLSA-GRN\PythonCode\Modules\Handlers.py", line 92, in run_single
    result = method.run(
  File "c:\Users\anabi\OneDrive\Documentos\# BOLSA GRN\Códigos\BOLSA-GRN\PythonCode\Modules\Methods.py", line 51, in run
    if best_ind:
UnboundLocalError: local variable 'best_ind' referenced before assignment

2025-08-27 19:13:06,692 | INFO | Results saved to ../../Outputs/ABCD_CMAES_SERIAL_20250827_170404\results.csv
2025-08-27 19:13:06,692 | INFO | Running with seed=1, solver=ODEINT, error=MSE
2025-08-27 19:13:06,693 | INFO | Starting execution for CMAES: Solver=ODEINT, Error=MSE, Seed=1
2025-08-27 19:13:15,136 | INFO | Sigma increased: 4.201419968172843
2025-08-27 19:13:20,665 | INFO | Sigma increased: 5.134581618174916
2025-08-27 19:13:27,996 | INFO | Sigma increased: 5.948299841878894
2025-08-27 19:13:35,853 | INFO | Sigma increased: 7.224674895292105
2025-08-27 19:15:09,288 | INFO | Sigma increased: 1
2025-08-27 19:16:17,223 | INFO | Sigma increased: 1
2025-08-27 19:16:32,244 | INFO | Sigma increased: 2.089654369797705
2025-08-27 19:16:46,386 | INFO | Sigma increased: 5.398336181436329
2025-08-27 19:16:56,818 | INFO | Sigma increased: 15
2025-08-27 19:17:03,940 | INFO | Sigma increased: 15
2025-08-27 19:17:12,827 | INFO | Sigma increased: 15
2025-08-27 19:17:22,170 | INFO | Sigma increased: 12.65646818624041
2025-08-27 19:17:33,249 | INFO | Sigma increased: 15
2025-08-27 19:17:41,952 | INFO | Sigma increased: 15
2025-08-27 19:17:51,982 | INFO | Sigma increased: 15
2025-08-27 19:18:04,838 | INFO | Sigma increased: 15
2025-08-27 19:18:17,251 | INFO | Sigma increased: 15
2025-08-27 19:18:30,582 | INFO | Sigma increased: 15
2025-08-27 19:18:44,950 | INFO | Sigma increased: 15
2025-08-27 19:19:02,504 | INFO | Sigma increased: 15
2025-08-27 19:19:56,318 | INFO | Sigma increased: 12.793711179550208
2025-08-27 19:20:34,007 | INFO | Sigma increased: 15
2025-08-27 19:21:22,654 | INFO | Sigma increased: 15
2025-08-27 19:24:04,977 | INFO | Sigma increased: 2.462545428914529
2025-08-27 19:25:38,194 | INFO | Sigma increased: 2.5721315094629285
2025-08-27 19:26:36,310 | INFO | Sigma increased: 3.42214431658451
2025-08-27 19:27:02,603 | INFO | Sigma increased: 13.024247255498851
2025-08-27 19:27:28,770 | INFO | Sigma increased: 15
2025-08-27 19:27:55,365 | INFO | Sigma increased: 15
2025-08-27 19:28:24,727 | INFO | Sigma increased: 15
2025-08-27 19:29:39,686 | INFO | Sigma increased: 5.524390849236001
2025-08-27 19:30:08,938 | INFO | Sigma increased: 11.42731958291968
2025-08-27 19:30:42,115 | INFO | Sigma increased: 15
2025-08-27 19:31:17,965 | INFO | Sigma increased: 15
2025-08-27 19:31:44,797 | INFO | Sigma increased: 15
2025-08-27 19:32:17,527 | INFO | Sigma increased: 15
2025-08-27 19:32:49,292 | INFO | Sigma increased: 15
2025-08-27 19:33:19,091 | INFO | Sigma increased: 15
2025-08-27 19:33:53,182 | INFO | Sigma increased: 15
2025-08-27 19:34:28,310 | INFO | Sigma increased: 14.807269408712017
2025-08-27 19:34:57,399 | INFO | Sigma increased: 15
2025-08-27 19:35:52,401 | INFO | Sigma increased: 14.08208112197515
2025-08-27 19:36:32,544 | INFO | Sigma increased: 15
2025-08-27 19:37:05,061 | INFO | Sigma increased: 15
2025-08-27 19:37:35,055 | INFO | Sigma increased: 15
2025-08-27 19:38:14,303 | INFO | Sigma increased: 15
2025-08-27 19:38:46,631 | INFO | Sigma increased: 15
2025-08-27 19:39:23,057 | INFO | Sigma increased: 15
2025-08-27 19:40:00,495 | INFO | Sigma increased: 14.726313914246758
2025-08-27 19:40:35,684 | INFO | Sigma increased: 15
2025-08-27 19:41:15,641 | INFO | Sigma increased: 11.860902197964382
2025-08-27 19:42:20,971 | INFO | Sigma increased: 5.974842873593477
2025-08-27 19:42:58,037 | INFO | Sigma increased: 3.3233308427529917
2025-08-27 19:43:32,767 | INFO | Sigma increased: 2.3252652588495297
2025-08-27 19:44:10,701 | INFO | Sigma increased: 2.445823861948473
2025-08-27 19:44:49,043 | INFO | Sigma increased: 2.723551953200806
2025-08-27 19:45:27,072 | INFO | Sigma increased: 2.2276495192178665
2025-08-27 19:46:00,306 | INFO | Sigma increased: 1.8329899814187314
2025-08-27 19:46:41,224 | INFO | Sigma increased: 1.6263428342719863
2025-08-27 19:47:20,897 | INFO | Sigma increased: 2.150902005637803
2025-08-27 19:48:03,434 | INFO | Sigma increased: 1.2987197493673825
2025-08-27 19:48:47,732 | INFO | Sigma increased: 1.5065353643307935
2025-08-27 19:49:33,001 | INFO | Sigma increased: 1.7867340725640655
2025-08-27 19:50:15,270 | INFO | Sigma increased: 1.6463210976697047
2025-08-27 19:50:55,323 | INFO | Sigma increased: 2.107487316123082
2025-08-27 19:51:42,639 | INFO | Sigma increased: 1.0188276434201995
2025-08-27 19:52:28,209 | INFO | Sigma increased: 1.4652493431249112
2025-08-27 19:53:09,986 | INFO | Sigma increased: 1.212174620706062
2025-08-27 19:53:56,375 | INFO | Sigma increased: 1.3013047877117838
2025-08-27 19:54:38,616 | INFO | Sigma increased: 1
2025-08-27 19:55:25,303 | INFO | Sigma increased: 1.5725092270517596
2025-08-27 19:56:10,443 | INFO | Sigma increased: 3.8589647354333785
2025-08-27 19:56:56,148 | INFO | Sigma increased: 1.9681658818486154
2025-08-27 19:57:45,140 | INFO | Sigma increased: 2.9752539787778236
2025-08-27 19:58:30,349 | INFO | Sigma increased: 3.0313131201650103
2025-08-27 19:59:20,544 | INFO | Sigma increased: 2.6254006048525627
2025-08-27 20:00:13,521 | INFO | Sigma increased: 3.9504402709985733
2025-08-27 20:01:03,299 | INFO | Sigma increased: 2.6319562132912004
2025-08-27 20:01:51,453 | INFO | Sigma increased: 3.736429374352876
2025-08-27 20:02:39,837 | INFO | Sigma increased: 3.930147937188635
2025-08-27 20:03:29,390 | INFO | Sigma increased: 3.074292071002999
2025-08-27 20:04:25,511 | INFO | Sigma increased: 5.860523037414773
2025-08-27 20:05:25,778 | INFO | Sigma increased: 4.125428378479282
2025-08-27 20:06:11,275 | INFO | Sigma increased: 3.439796680058129
2025-08-27 20:07:00,247 | INFO | Sigma increased: 2.9574901150589272
2025-08-27 20:08:06,351 | INFO | Sigma increased: 3.6456389603965067
2025-08-27 20:09:21,369 | ERROR | Unexpected error: Eigenvalues did not converge
Traceback (most recent call last):
  File "c:\Users\anabi\OneDrive\Documentos\# BOLSA GRN\Códigos\BOLSA-GRN\PythonCode\Modules\Methods.py", line 40, in run
    best_ind = self.execute(logging=logging, solver=solver, seed=seed, error=error, gens=gens, verbose=verbose)
  File "c:\Users\anabi\OneDrive\Documentos\# BOLSA GRN\Códigos\BOLSA-GRN\PythonCode\Modules\Methods.py", line 158, in execute
    toolbox.update(population)
  File "C:\Users\anabi\AppData\Local\Packages\PythonSoftwareFoundation.Python.3.10_qbz5n2kfra8p0\LocalCache\local-packages\Python310\site-packages\deap\cma.py", line 167, in update
    self.diagD, self.B = numpy.linalg.eigh(self.C)
  File "<__array_function__ internals>", line 200, in eigh
  File "C:\Users\anabi\AppData\Local\Packages\PythonSoftwareFoundation.Python.3.10_qbz5n2kfra8p0\LocalCache\local-packages\Python310\site-packages\numpy\linalg\linalg.py", line 1451, in eigh
    w, vt = gufunc(a, signature=signature, extobj=extobj)
  File "C:\Users\anabi\AppData\Local\Packages\PythonSoftwareFoundation.Python.3.10_qbz5n2kfra8p0\LocalCache\local-packages\Python310\site-packages\numpy\linalg\linalg.py", line 95, in _raise_linalgerror_eigenvalues_nonconvergence
    raise LinAlgError("Eigenvalues did not converge")
numpy.linalg.LinAlgError: Eigenvalues did not converge
2025-08-27 20:09:21,372 | ERROR | Error running seed=1, solver=ODEINT, error=MSE: local variable 'best_ind' referenced before assignment, traceback=Traceback (most recent call last):
  File "c:\Users\anabi\OneDrive\Documentos\# BOLSA GRN\Códigos\BOLSA-GRN\PythonCode\Modules\Methods.py", line 44, in run
    raise e
  File "c:\Users\anabi\OneDrive\Documentos\# BOLSA GRN\Códigos\BOLSA-GRN\PythonCode\Modules\Methods.py", line 40, in run
    best_ind = self.execute(logging=logging, solver=solver, seed=seed, error=error, gens=gens, verbose=verbose)
  File "c:\Users\anabi\OneDrive\Documentos\# BOLSA GRN\Códigos\BOLSA-GRN\PythonCode\Modules\Methods.py", line 158, in execute
    toolbox.update(population)
  File "C:\Users\anabi\AppData\Local\Packages\PythonSoftwareFoundation.Python.3.10_qbz5n2kfra8p0\LocalCache\local-packages\Python310\site-packages\deap\cma.py", line 167, in update
    self.diagD, self.B = numpy.linalg.eigh(self.C)
  File "<__array_function__ internals>", line 200, in eigh
  File "C:\Users\anabi\AppData\Local\Packages\PythonSoftwareFoundation.Python.3.10_qbz5n2kfra8p0\LocalCache\local-packages\Python310\site-packages\numpy\linalg\linalg.py", line 1451, in eigh
    w, vt = gufunc(a, signature=signature, extobj=extobj)
  File "C:\Users\anabi\AppData\Local\Packages\PythonSoftwareFoundation.Python.3.10_qbz5n2kfra8p0\LocalCache\local-packages\Python310\site-packages\numpy\linalg\linalg.py", line 95, in _raise_linalgerror_eigenvalues_nonconvergence
    raise LinAlgError("Eigenvalues did not converge")
numpy.linalg.LinAlgError: Eigenvalues did not converge

During handling of the above exception, another exception occurred:

Traceback (most recent call last):
  File "c:\Users\anabi\OneDrive\Documentos\# BOLSA GRN\Códigos\BOLSA-GRN\PythonCode\Modules\Handlers.py", line 92, in run_single
    result = method.run(
  File "c:\Users\anabi\OneDrive\Documentos\# BOLSA GRN\Códigos\BOLSA-GRN\PythonCode\Modules\Methods.py", line 51, in run
    if best_ind:
UnboundLocalError: local variable 'best_ind' referenced before assignment

2025-08-27 20:09:21,392 | INFO | Results saved to ../../Outputs/ABCD_CMAES_SERIAL_20250827_170404\results.csv
2025-08-27 20:09:21,392 | INFO | Running with seed=2, solver=ODEINT, error=SQUARED
2025-08-27 20:09:21,393 | INFO | Starting execution for CMAES: Solver=ODEINT, Error=SQUARED, Seed=2
2025-08-27 20:11:11,344 | INFO | Sigma increased: 1
2025-08-27 20:23:13,768 | INFO | Sigma increased: 1
2025-08-27 20:23:20,565 | INFO | Sigma increased: 15
2025-08-27 20:23:33,771 | INFO | Sigma increased: 15
2025-08-27 20:23:50,327 | INFO | Sigma increased: 15
2025-08-27 20:24:05,292 | INFO | Sigma increased: 15
2025-08-27 20:24:26,215 | INFO | Sigma increased: 15
2025-08-27 20:24:45,920 | INFO | Sigma increased: 15
2025-08-27 20:25:00,046 | INFO | Sigma increased: 15
2025-08-27 20:25:21,591 | INFO | Sigma increased: 15
2025-08-27 20:31:25,781 | INFO | Sigma increased: 15
2025-08-27 20:31:48,784 | INFO | Sigma increased: 15
2025-08-27 20:32:15,632 | INFO | Sigma increased: 15
2025-08-27 20:32:53,844 | INFO | Sigma increased: 15
2025-08-27 20:33:26,314 | INFO | Sigma increased: 15
2025-08-27 20:34:04,580 | INFO | Sigma increased: 15
2025-08-27 20:34:38,303 | INFO | Sigma increased: 15
2025-08-27 20:35:14,047 | INFO | Sigma increased: 15
2025-08-27 20:35:48,379 | INFO | Sigma increased: 15
2025-08-27 20:36:21,012 | INFO | Sigma increased: 15
2025-08-27 20:36:51,193 | INFO | Sigma increased: 15
2025-08-27 20:37:21,307 | INFO | Sigma increased: 11.897151880929487
2025-08-27 20:37:52,762 | INFO | Sigma increased: 10.051562344798946
2025-08-27 20:38:24,048 | INFO | Sigma increased: 15
2025-08-27 20:38:53,555 | INFO | Sigma increased: 15
2025-08-27 20:39:22,793 | INFO | Sigma increased: 15
2025-08-27 20:41:23,049 | INFO | Sigma increased: 15
2025-08-27 20:42:45,932 | INFO | Sigma increased: 2.7261656869110276
2025-08-27 20:43:20,914 | INFO | Sigma increased: 12.490159681007336
2025-08-27 20:43:55,279 | INFO | Sigma increased: 10.719701146111904
2025-08-27 20:44:37,461 | INFO | Sigma increased: 15
2025-08-27 20:45:13,108 | INFO | Sigma increased: 9.542902272175711
2025-08-27 20:45:49,367 | INFO | Sigma increased: 9.05991933979956
2025-08-27 20:46:25,633 | INFO | Sigma increased: 5.444476132716968
2025-08-27 20:47:02,984 | INFO | Sigma increased: 4.489063737460767
2025-08-27 20:47:40,817 | INFO | Sigma increased: 6.241153411083235
2025-08-27 20:48:24,602 | INFO | Sigma increased: 5.280710446347405
2025-08-27 20:49:06,890 | INFO | Sigma increased: 3.862527648141766
2025-08-27 20:49:49,250 | INFO | Sigma increased: 1.9696860689946547
2025-08-27 20:50:31,045 | INFO | Sigma increased: 1
2025-08-27 20:51:14,148 | INFO | Sigma increased: 1.2360959009387762
2025-08-27 20:51:55,958 | INFO | Sigma increased: 1.1797772905007315
2025-08-27 20:52:38,541 | INFO | Sigma increased: 2.2679399468235997
2025-08-27 20:53:21,588 | INFO | Sigma increased: 1.2137401802285899
2025-08-27 20:54:05,109 | INFO | Sigma increased: 1.0892689468476426
2025-08-27 20:54:55,247 | INFO | Sigma increased: 1.116210662477616
2025-08-27 20:55:42,545 | INFO | Sigma increased: 1.3423318719371413
2025-08-27 20:56:27,666 | INFO | Sigma increased: 1.2583349175817964
2025-08-27 20:57:12,746 | INFO | Sigma increased: 1.6959127514621928
2025-08-27 20:57:58,809 | INFO | Sigma increased: 1.3596447136777565
2025-08-27 20:58:46,298 | INFO | Sigma increased: 2.3009627548816782
2025-08-27 20:59:33,809 | INFO | Sigma increased: 3.5327727688005384
2025-08-27 21:00:21,067 | INFO | Sigma increased: 3.69824476541561
2025-08-27 21:01:08,902 | INFO | Sigma increased: 3.0933686962904883
2025-08-27 21:01:16,572 | INFO | Execution finished for solver: ODEINT, seed: 2, error: SQUARED in 3115.15 seconds.
2025-08-27 21:01:16,577 | INFO | Results saved to ../../Outputs/ABCD_CMAES_SERIAL_20250827_170404\results.csv
2025-08-27 21:01:16,577 | INFO | Running with seed=2, solver=ODEINT, error=MSE
2025-08-27 21:01:16,577 | INFO | Starting execution for CMAES: Solver=ODEINT, Error=MSE, Seed=2
2025-08-27 21:01:22,064 | INFO | Sigma increased: 4.207921249159469
2025-08-27 21:01:28,329 | INFO | Sigma increased: 7.6326576147555745
2025-08-27 21:01:35,181 | INFO | Sigma increased: 5.536179543909877
2025-08-27 21:01:42,320 | INFO | Sigma increased: 9.648425799999485
2025-08-27 21:01:48,053 | INFO | Sigma increased: 8.658076027426732
2025-08-27 21:01:56,090 | INFO | Sigma increased: 10.208436464933246
2025-08-27 21:02:03,847 | INFO | Sigma increased: 7.664764317766518
2025-08-27 21:02:12,809 | INFO | Sigma increased: 7.806561522052599
2025-08-27 21:02:21,879 | INFO | Sigma increased: 9.954140203887729
2025-08-27 21:02:34,038 | INFO | Sigma increased: 13.15974846025134
2025-08-27 21:02:41,845 | INFO | Sigma increased: 13.463223884767189
2025-08-27 21:02:49,004 | INFO | Sigma increased: 15
2025-08-27 21:03:00,529 | INFO | Sigma increased: 15
2025-08-27 21:03:09,889 | INFO | Sigma increased: 11.243554725880202
2025-08-27 21:03:18,263 | INFO | Sigma increased: 15
2025-08-27 21:03:27,323 | INFO | Sigma increased: 15
2025-08-27 21:03:40,287 | INFO | Sigma increased: 15
2025-08-27 21:03:51,349 | INFO | Sigma increased: 13.781463297521157
2025-08-27 21:03:59,493 | INFO | Sigma increased: 15
2025-08-27 21:04:11,210 | INFO | Sigma increased: 15
2025-08-27 21:04:23,350 | INFO | Sigma increased: 15
2025-08-27 21:04:35,060 | INFO | Sigma increased: 15
2025-08-27 21:04:44,587 | INFO | Sigma increased: 15
2025-08-27 21:04:53,016 | INFO | Sigma increased: 15
2025-08-27 21:05:03,938 | INFO | Sigma increased: 15
2025-08-27 21:05:15,803 | INFO | Sigma increased: 15
2025-08-27 21:05:30,728 | INFO | Sigma increased: 15
2025-08-27 21:05:51,488 | INFO | Sigma increased: 15
2025-08-27 21:06:07,083 | INFO | Sigma increased: 15
2025-08-27 21:06:26,064 | INFO | Sigma increased: 11.4929045833712
2025-08-27 21:06:45,147 | INFO | Sigma increased: 15
2025-08-27 21:07:04,127 | INFO | Sigma increased: 15
2025-08-27 21:07:22,383 | INFO | Sigma increased: 15
2025-08-27 21:07:44,445 | INFO | Sigma increased: 13.12852818406692
2025-08-27 21:08:03,991 | INFO | Sigma increased: 15
2025-08-27 21:08:23,543 | INFO | Sigma increased: 11.318748812472153
2025-08-27 21:08:42,726 | INFO | Sigma increased: 10.20051196791496
2025-08-27 21:09:02,526 | INFO | Sigma increased: 14.933807248705238
2025-08-27 21:09:22,717 | INFO | Sigma increased: 15
2025-08-27 21:09:42,212 | INFO | Sigma increased: 15
2025-08-27 21:10:00,597 | INFO | Sigma increased: 14.485809754389045
2025-08-27 21:10:56,575 | INFO | Sigma increased: 9.174296865470474
2025-08-27 21:11:15,926 | INFO | Sigma increased: 15
2025-08-27 21:11:36,761 | INFO | Sigma increased: 15
2025-08-27 21:12:12,453 | INFO | Sigma increased: 15
2025-08-27 21:12:33,508 | INFO | Sigma increased: 15
2025-08-27 21:12:54,025 | INFO | Sigma increased: 15
2025-08-27 21:13:14,209 | INFO | Sigma increased: 15
2025-08-27 21:13:36,359 | INFO | Sigma increased: 15
2025-08-27 21:13:56,814 | INFO | Sigma increased: 15
2025-08-27 21:14:23,919 | INFO | Sigma increased: 11.540742874340935
2025-08-27 21:14:51,515 | INFO | Sigma increased: 9.660436173921847
2025-08-27 21:15:14,078 | INFO | Sigma increased: 9.84120857753344
2025-08-27 21:15:35,932 | INFO | Sigma increased: 13.690886781730395
2025-08-27 21:15:58,535 | INFO | Sigma increased: 10.032146129486028
2025-08-27 21:16:19,738 | INFO | Sigma increased: 8.579601438758514
2025-08-27 21:16:41,591 | INFO | Sigma increased: 6.402979907413588
2025-08-27 21:17:03,056 | INFO | Sigma increased: 3.2549561870147468
2025-08-27 21:17:24,163 | INFO | Sigma increased: 2.351570872106837
2025-08-27 21:17:45,162 | INFO | Sigma increased: 1.5276747329844644
2025-08-27 21:18:06,018 | INFO | Sigma increased: 1.0162160789337762
2025-08-27 21:18:27,127 | INFO | Sigma increased: 1
2025-08-27 21:18:50,082 | INFO | Sigma increased: 3.6744581168310315
2025-08-27 21:19:11,741 | INFO | Sigma increased: 1.069534094350709
2025-08-27 21:19:33,726 | INFO | Sigma increased: 1.1208952438788269
2025-08-27 21:19:56,033 | INFO | Sigma increased: 1.1608812625478007
2025-08-27 21:20:18,656 | INFO | Sigma increased: 2.0176491016754907
2025-08-27 21:20:41,835 | INFO | Sigma increased: 1.4352083982068908
2025-08-27 21:21:04,712 | INFO | Sigma increased: 1.361058906391793
2025-08-27 21:21:27,771 | INFO | Sigma increased: 1.9736816639685586
2025-08-27 21:21:50,785 | INFO | Sigma increased: 3.351503155322817
2025-08-27 21:22:14,770 | INFO | Sigma increased: 4.908406342298196
2025-08-27 21:22:38,642 | INFO | Sigma increased: 6.563022377267228
2025-08-27 21:23:02,633 | INFO | Sigma increased: 4.129716447875008
2025-08-27 21:23:26,818 | INFO | Sigma increased: 12.155291850821095
2025-08-27 21:23:50,931 | INFO | Sigma increased: 6.99732531793922
2025-08-27 21:24:15,550 | INFO | Sigma increased: 7.875782319292341
2025-08-27 21:24:40,706 | INFO | Sigma increased: 3.0212450361443457
2025-08-27 21:25:07,340 | INFO | Sigma increased: 2.380913181772912
2025-08-27 21:25:33,123 | INFO | Sigma increased: 2.2872666554133563
2025-08-27 21:25:58,793 | INFO | Sigma increased: 1.1250473324324282
2025-08-27 21:26:25,324 | INFO | Sigma increased: 1
2025-08-27 21:26:51,728 | INFO | Sigma increased: 3.6453707529930925
2025-08-27 21:27:18,627 | INFO | Sigma increased: 4.602744985061854
2025-08-27 21:27:46,642 | INFO | Sigma increased: 3.5415989913298684
2025-08-27 21:28:14,117 | INFO | Sigma increased: 1.1158809786939248
2025-08-27 21:28:41,572 | INFO | Sigma increased: 1.1732743956108709
2025-08-27 21:29:14,399 | INFO | Sigma increased: 1.3124036372948036
2025-08-27 21:29:43,371 | INFO | Sigma increased: 1.8121439491659554
2025-08-27 21:30:14,867 | INFO | Sigma increased: 2.685788069224019
2025-08-27 21:30:47,115 | INFO | Sigma increased: 1.3554232599312368
2025-08-27 21:31:17,143 | INFO | Sigma increased: 1.4882988694990382
2025-08-27 21:31:46,722 | INFO | Sigma increased: 1
2025-08-27 21:32:21,341 | INFO | Sigma increased: 1.1674003004656899
2025-08-27 21:32:51,391 | INFO | Sigma increased: 1
2025-08-27 21:33:21,637 | INFO | Sigma increased: 1
2025-08-27 21:33:52,109 | INFO | Sigma increased: 1.3254393352956808
2025-08-27 21:34:23,028 | INFO | Sigma increased: 1.6892599951676104
2025-08-27 21:34:54,077 | INFO | Sigma increased: 5.438439722234233
2025-08-27 21:35:25,655 | INFO | Sigma increased: 5.459122565930877
2025-08-27 21:35:57,397 | INFO | Sigma increased: 7.265449493417452
2025-08-27 21:36:32,192 | INFO | Sigma increased: 5.580063264075978
2025-08-27 21:37:05,248 | INFO | Sigma increased: 1.9205740192577792
2025-08-27 21:37:38,045 | INFO | Sigma increased: 2.8820805349962186
2025-08-27 21:38:11,782 | INFO | Sigma increased: 2.6949075533654554
2025-08-27 21:38:46,932 | INFO | Sigma increased: 2.8690337893675757
2025-08-27 21:38:48,106 | INFO | Execution finished for solver: ODEINT, seed: 2, error: MSE in 2251.51 seconds.
2025-08-27 21:38:48,106 | INFO | Results saved to ../../Outputs/ABCD_CMAES_SERIAL_20250827_170404\results.csv
2025-08-27 21:38:48,106 | INFO | Running with seed=3, solver=ODEINT, error=SQUARED
2025-08-27 21:38:48,106 | INFO | Starting execution for CMAES: Solver=ODEINT, Error=SQUARED, Seed=3
2025-08-27 21:46:22,767 | INFO | Sigma increased: 1
2025-08-27 21:46:26,355 | INFO | Sigma increased: 15
2025-08-27 21:46:31,074 | INFO | Sigma increased: 15
2025-08-27 21:46:36,608 | INFO | Sigma increased: 15
2025-08-27 21:46:43,608 | INFO | Sigma increased: 15
2025-08-27 21:46:50,767 | INFO | Sigma increased: 15
2025-08-27 21:46:59,021 | INFO | Sigma increased: 15
2025-08-27 21:47:09,951 | INFO | Sigma increased: 15
2025-08-27 21:47:19,219 | INFO | Sigma increased: 15
2025-08-27 21:47:29,118 | INFO | Sigma increased: 15
2025-08-27 21:47:41,279 | INFO | Sigma increased: 15
2025-08-27 21:47:57,167 | INFO | Sigma increased: 15
2025-08-27 21:48:11,842 | INFO | Sigma increased: 15
2025-08-27 21:48:28,187 | INFO | Sigma increased: 15
2025-08-27 21:48:43,774 | INFO | Sigma increased: 14.406481241418811
2025-08-27 21:49:01,199 | INFO | Sigma increased: 15
2025-08-27 21:49:16,851 | INFO | Sigma increased: 15
2025-08-27 21:49:31,196 | INFO | Sigma increased: 15
2025-08-27 21:49:46,793 | INFO | Sigma increased: 12.07952800839783
2025-08-27 21:50:03,555 | INFO | Sigma increased: 15
2025-08-27 21:50:22,042 | INFO | Sigma increased: 15
2025-08-27 21:50:40,832 | INFO | Sigma increased: 15
2025-08-27 21:51:00,459 | INFO | Sigma increased: 15
2025-08-27 21:51:19,673 | INFO | Sigma increased: 15
2025-08-27 21:51:39,853 | INFO | Sigma increased: 15
2025-08-27 21:51:59,901 | INFO | Sigma increased: 15
2025-08-27 21:52:20,106 | INFO | Sigma increased: 15
2025-08-27 21:52:39,644 | INFO | Sigma increased: 15
2025-08-27 21:52:59,916 | INFO | Sigma increased: 15
2025-08-27 21:53:21,665 | INFO | Sigma increased: 15
2025-08-27 21:53:42,918 | INFO | Sigma increased: 15
2025-08-27 21:54:03,695 | INFO | Sigma increased: 15
2025-08-27 21:54:25,232 | INFO | Sigma increased: 15
2025-08-27 21:54:46,441 | INFO | Sigma increased: 15
2025-08-27 21:55:07,466 | INFO | Sigma increased: 15
2025-08-27 21:55:28,460 | INFO | Sigma increased: 13.417294566469556
2025-08-27 21:55:50,047 | INFO | Sigma increased: 15
2025-08-27 21:56:11,496 | INFO | Sigma increased: 15
2025-08-27 21:56:33,231 | INFO | Sigma increased: 15
2025-08-27 21:56:55,436 | INFO | Sigma increased: 10.767311931060767
2025-08-27 21:57:17,882 | INFO | Sigma increased: 15
2025-08-27 21:57:40,649 | INFO | Sigma increased: 10.474601416567793
2025-08-27 21:58:04,521 | INFO | Sigma increased: 6.277610336815849
2025-08-27 21:58:28,236 | INFO | Sigma increased: 11.681939064352205
2025-08-27 21:58:52,009 | INFO | Sigma increased: 5.856281738350527
2025-08-27 21:59:16,122 | INFO | Sigma increased: 6.1821023489975016
2025-08-27 21:59:40,697 | INFO | Sigma increased: 7.46821305381267
2025-08-27 22:00:05,397 | INFO | Sigma increased: 13.544790362849792
2025-08-27 22:00:30,198 | INFO | Sigma increased: 7.989858564811406
2025-08-27 22:00:55,494 | INFO | Sigma increased: 7.638216629099811
2025-08-27 22:01:21,080 | INFO | Sigma increased: 8.054736569188275
2025-08-27 22:01:46,902 | INFO | Sigma increased: 7.239242951768663
2025-08-27 22:02:12,650 | INFO | Sigma increased: 9.176015695947916
2025-08-27 22:02:39,009 | INFO | Sigma increased: 10.00623141877745
2025-08-27 22:03:05,472 | INFO | Sigma increased: 12.738630258134505
2025-08-27 22:03:32,327 | INFO | Sigma increased: 6.171877483225722
2025-08-27 22:03:59,266 | INFO | Sigma increased: 6.426043452977083
2025-08-27 22:04:26,556 | INFO | Sigma increased: 6.169659610528065
2025-08-27 22:04:53,871 | INFO | Sigma increased: 5.893845606654943
2025-08-27 22:05:21,581 | INFO | Sigma increased: 3.061918035186222
2025-08-27 22:05:49,491 | INFO | Sigma increased: 2.3929687871353393
2025-08-27 22:06:17,712 | INFO | Sigma increased: 2.0462026782846516
2025-08-27 22:06:46,244 | INFO | Sigma increased: 1.206380198778565
2025-08-27 22:07:15,556 | INFO | Sigma increased: 1
2025-08-27 22:07:45,286 | INFO | Sigma increased: 1
2025-08-27 22:08:14,706 | INFO | Sigma increased: 1
2025-08-27 22:08:44,676 | INFO | Sigma increased: 1
2025-08-27 22:09:14,842 | INFO | Sigma increased: 1
2025-08-27 22:09:45,157 | INFO | Sigma increased: 1
2025-08-27 22:10:16,016 | INFO | Sigma increased: 1
2025-08-27 22:10:46,966 | INFO | Sigma increased: 1.214170103140534
2025-08-27 22:11:18,216 | INFO | Sigma increased: 1
2025-08-27 22:11:49,963 | INFO | Sigma increased: 1
2025-08-27 22:12:21,967 | INFO | Sigma increased: 1.0729003017789138
2025-08-27 22:12:54,539 | INFO | Sigma increased: 1
2025-08-27 22:13:27,604 | INFO | Sigma increased: 1
2025-08-27 22:14:00,387 | INFO | Sigma increased: 1
2025-08-27 22:14:33,530 | INFO | Sigma increased: 1.269583762959123
2025-08-27 22:15:07,159 | INFO | Sigma increased: 1.6789625013171208
2025-08-27 22:15:40,981 | INFO | Sigma increased: 1.7842294226836732
2025-08-27 22:15:53,648 | INFO | Execution finished for solver: ODEINT, seed: 3, error: SQUARED in 2225.53 seconds.
2025-08-27 22:15:53,648 | INFO | Results saved to ../../Outputs/ABCD_CMAES_SERIAL_20250827_170404\results.csv
2025-08-27 22:15:53,648 | INFO | Running with seed=3, solver=ODEINT, error=MSE
2025-08-27 22:15:53,648 | INFO | Starting execution for CMAES: Solver=ODEINT, Error=MSE, Seed=3
2025-08-27 22:15:59,661 | INFO | Sigma increased: 6.197977394557409
2025-08-27 22:16:05,453 | INFO | Sigma increased: 5.102207692814243
2025-08-27 22:16:13,117 | INFO | Sigma increased: 6.163204150941411
2025-08-27 22:16:21,181 | INFO | Sigma increased: 5.270060949559373
2025-08-27 22:16:29,908 | INFO | Sigma increased: 4.9478093563839485
2025-08-27 22:16:39,224 | INFO | Sigma increased: 4.005495294470761
2025-08-27 22:16:47,621 | INFO | Sigma increased: 8.148057798441723
2025-08-27 22:16:56,879 | INFO | Sigma increased: 8.850410536612497
2025-08-27 22:17:06,262 | INFO | Sigma increased: 7.205688965292332
2025-08-27 22:17:16,212 | INFO | Sigma increased: 12.329759541159351
2025-08-27 22:17:22,465 | INFO | Sigma increased: 15
2025-08-27 22:17:29,167 | INFO | Sigma increased: 9.882588492354696
2025-08-27 22:17:38,531 | INFO | Sigma increased: 11.225010840502463
2025-08-27 22:17:47,090 | INFO | Sigma increased: 14.707639028588439
2025-08-27 22:17:55,419 | INFO | Sigma increased: 15
2025-08-27 22:18:05,073 | INFO | Sigma increased: 14.226104825079569
2025-08-27 22:18:16,368 | INFO | Sigma increased: 15
2025-08-27 22:18:26,563 | INFO | Sigma increased: 15
2025-08-27 22:18:37,366 | INFO | Sigma increased: 15
2025-08-27 22:18:50,099 | INFO | Sigma increased: 15
2025-08-27 22:19:00,650 | INFO | Sigma increased: 15
2025-08-27 22:19:12,004 | INFO | Sigma increased: 15
2025-08-27 22:19:22,318 | INFO | Sigma increased: 15
2025-08-27 22:19:34,543 | INFO | Sigma increased: 15
2025-08-27 22:19:49,106 | INFO | Sigma increased: 15
2025-08-27 22:20:05,108 | INFO | Sigma increased: 15
2025-08-27 22:20:20,603 | INFO | Sigma increased: 15
2025-08-27 22:20:37,256 | INFO | Sigma increased: 15
2025-08-27 22:20:51,876 | INFO | Sigma increased: 15
2025-08-27 22:21:11,211 | INFO | Sigma increased: 15
2025-08-27 22:21:29,053 | INFO | Sigma increased: 15
2025-08-27 22:21:49,367 | INFO | Sigma increased: 15
2025-08-27 22:22:08,772 | INFO | Sigma increased: 15
2025-08-27 22:22:26,787 | INFO | Sigma increased: 15
2025-08-27 22:22:47,443 | INFO | Sigma increased: 15
2025-08-27 22:23:05,989 | INFO | Sigma increased: 15
2025-08-27 22:23:25,681 | INFO | Sigma increased: 15
2025-08-27 22:23:47,476 | INFO | Sigma increased: 15
2025-08-27 22:24:08,911 | INFO | Sigma increased: 14.524447997305964
2025-08-27 22:24:30,897 | INFO | Sigma increased: 15
2025-08-27 22:24:49,928 | INFO | Sigma increased: 12.530141444060973
2025-08-27 22:25:11,834 | INFO | Sigma increased: 15
2025-08-27 22:25:33,745 | INFO | Sigma increased: 15
2025-08-27 22:25:56,662 | INFO | Sigma increased: 15
2025-08-27 22:26:18,487 | INFO | Sigma increased: 15
2025-08-27 22:26:41,993 | INFO | Sigma increased: 15
2025-08-27 22:27:04,000 | INFO | Sigma increased: 15
2025-08-27 22:27:27,645 | INFO | Sigma increased: 15
2025-08-27 22:27:50,700 | INFO | Sigma increased: 15
2025-08-27 22:28:12,866 | INFO | Sigma increased: 15
2025-08-27 22:28:37,116 | INFO | Sigma increased: 15
2025-08-27 22:29:02,053 | INFO | Sigma increased: 15
2025-08-27 22:29:25,149 | INFO | Sigma increased: 14.024390189182354
2025-08-27 22:29:51,167 | INFO | Sigma increased: 14.335967672580987
2025-08-27 22:30:17,991 | INFO | Sigma increased: 14.279091223516398
2025-08-27 22:30:44,372 | INFO | Sigma increased: 15
2025-08-27 22:31:14,889 | INFO | Sigma increased: 15
2025-08-27 22:31:48,381 | INFO | Sigma increased: 15
2025-08-27 22:32:18,440 | INFO | Sigma increased: 15
2025-08-27 22:33:04,991 | INFO | Sigma increased: 15
2025-08-27 22:33:32,148 | INFO | Sigma increased: 15
2025-08-27 22:34:19,740 | INFO | Sigma increased: 15
2025-08-27 22:34:48,353 | INFO | Sigma increased: 15
2025-08-27 22:35:16,866 | INFO | Sigma increased: 15
2025-08-27 22:36:15,023 | INFO | Sigma increased: 15
2025-08-27 22:36:42,132 | INFO | Sigma increased: 15
2025-08-27 22:37:11,713 | INFO | Sigma increased: 15
2025-08-27 22:37:39,857 | INFO | Sigma increased: 15
2025-08-27 22:38:06,897 | INFO | Sigma increased: 15
2025-08-27 22:38:55,835 | INFO | Sigma increased: 15
2025-08-27 22:39:25,074 | INFO | Sigma increased: 15
2025-08-27 22:39:53,631 | INFO | Sigma increased: 15
2025-08-27 22:40:26,455 | INFO | Sigma increased: 15
2025-08-27 22:41:04,883 | INFO | Sigma increased: 15
2025-08-27 22:41:41,053 | INFO | Sigma increased: 15
2025-08-27 22:42:13,490 | INFO | Sigma increased: 13.457181929066945
2025-08-27 22:42:46,156 | INFO | Sigma increased: 15
2025-08-27 22:43:17,944 | INFO | Sigma increased: 15
2025-08-27 22:43:51,459 | INFO | Sigma increased: 15
2025-08-27 22:44:26,058 | INFO | Sigma increased: 15
2025-08-27 22:45:01,917 | INFO | Sigma increased: 15
2025-08-27 22:45:37,507 | INFO | Sigma increased: 15
2025-08-27 22:46:44,514 | INFO | Sigma increased: 15
2025-08-27 22:47:20,326 | INFO | Sigma increased: 15
2025-08-27 22:48:01,713 | INFO | Sigma increased: 15
2025-08-27 22:48:38,800 | INFO | Sigma increased: 15
